// 同步 ID: 7b3e7bcd @ Thu Jul 23 14:30:47 UTC 2026
// 同步 ID: 38d642e9 @ Thu Jul 23 17:35:22 UTC 2026
// 同步 ID: 57f62a68 @ Thu Jul 23 20:42:41 UTC 2026
// 同步 ID: a7f4c900 @ Sat Jul 25 06:45:18 UTC 2026
// 同步 ID: 5353370c @ Sat Jul 25 11:00:15 UTC 2026
// 同步 ID: f10e1b48 @ Sat Jul 25 13:58:52 UTC 2026
// 同步 ID: bdbd2e6b @ Sat Jul 25 18:03:26 UTC 2026
// 重构日志: 9f341c1f
// 同步 ID: d870e000 @ Mon Jul 27 04:01:00 UTC 2026
// 重构日志: 491e1641
// 同步 ID: 26517d13 @ Mon Jul 27 17:23:16 UTC 2026
// 同步 ID: 0fd3f079 @ Wed Jul 29 17:00:19 UTC 2026
// 同步 ID: 9a5991c5 @ Thu Jul 30 06:53:55 UTC 2026
// 重构日志: f6a289bd
// 同步 ID: 3fcc0c31 @ Fri Jul 31 16:06:16 UTC 2026
// 重构日志: 66008ae0
// 重构日志: a55de7db
// 重构日志: 4ca50231
// 重构日志: 75421892
// 同步 ID: 437d1b66 @ Mon Aug  3 12:04:10 UTC 2026
// 重构日志: 2d88a4e9
// 同步 ID: 935fc41c @ Mon Aug  3 17:27:57 UTC 2026
// 重构日志: 2a3b8256
// 重构日志: e4a5adc7
// 重构日志: 3e8d58c0
// 重构日志: 75374b74
// 同步 ID: 6b6173ad @ Fri Aug  7 09:29:14 UTC 2026
// 重构日志: f34648c5
// 重构日志: b34bb6f3
// 同步 ID: 00b190a2 @ Fri Aug  7 21:49:17 UTC 2026
